[index-2.html]
[backblue.gif]
[fade.gif]
[index.html]
[sites/default/files/favicon.ico]
[sites/default/files/css/css_xE-rWrJf-fncB6ztZfd2huxqgxu4WO-qwma6Xer30m4.css]
[sites/default/files/css/css_hYCLW089C9S9sP3ZYkuG6R-Q5ZHbEhblZBFjwZ_bE_I.css]
[sites/default/files/css/css_R3XWLP8avUZZcDs63ly0FS22MThF-pEysnR3VT9i10c.css]
[ajax/libs/jquery/1.7.2/jquery.min.js]
[sites/all/modules/jquery_update/replace/jquery/1.7/jquery.min.js]
[sites/default/files/js/js_9CU5mM047xcPw0UtSmoghjTQ5Q4TQV0hM6DM0RHv1hU.js]
[sites/default/files/js/js_vSmhpx_T-AShyt_WMW5_TcwwxJP1imoVOa8jvwL_mxE.js]
[sites/all/themes/Porto/js/sticky.js]
[sites/default/files/Logo Romina Tumini GB 340.png]
[sites/all/themes/Porto/img/search_icon.png]
[sites/all/modules/languageicons/flags/en.png]
[el.html]
[sites/all/modules/languageicons/flags/el.png]
[es.html]
[sites/all/modules/languageicons/flags/es.png]
[sites/default/files/js/js_SpdW8wDVQlWJuVhaD_AR0touERSXfIIienrTpOsL8_0.js]
[romina-tumini-psychologist-psychotherapist.html]
[how-do-i-work.html]
[psychotherapy-approaches.html]
[focusing-oriented-psychotherapy.html]
[about-person-centred.html]
[about-tango-therapy-innertango.html]
[focusing-oriented-trauma-therapy.html]
[sites/default/files/styles/md_slider_3_thumb/public/DSC00059(1)1a99.png]
[sites/default/files/DSC00059(1).png]
[sites/default/files/png-1_0.png]
[sites/default/files/styles/md_slider_3_thumb/public/r8pen77q6a24.png]
[sites/default/files/r8pen77q.png]
[would-line-counselling-psychotherapy-help-me.html]
[sites/all/themes/Porto/img/home-concept-item-1.png]
[sites/all/themes/Porto/img/home-concept-item-2.png]
[sites/all/themes/Porto/img/home-concept-item-3.png]
[sites/all/themes/Porto/img/projects/project-home-1.jpg]
[sites/all/themes/Porto/img/projects/project-home-2.jpg]
[psychotherapy-blog/tango-therapy-seminar.html]
[psychotherapy-blog/what-happy-people-do-differently.html]
[psychotherapy-blog/sleep-quality-tied-skin-aging.html]
[tags/articles.html]
[tags/events.html]
[tags/news.html]
[analytics.js]
[index-2.html]
[sites/all/themes/Porto/css/bootstrap.css]
[sites/all/themes/Porto/vendor/flexslider/images/bg_direction_nav.png]
[sites/all/themes/Porto/vendor/flexslider/flexslider.css]
[sites/all/themes/Porto/css/fonts/font-awesome/font/fontawesome-webfontf77b.eot]
[sites/all/themes/Porto/css/fonts/font-awesome/font/fontawesome-webfontd41d.eot]
[sites/all/themes/Porto/css/fonts/font-awesome/font/fontawesome-webfontf77b.woff]
[sites/all/themes/Porto/css/fonts/font-awesome/font/fontawesome-webfontf77b.ttf]
[sites/all/themes/Porto/css/fonts/font-awesome/css/font-awesome.css]
[sites/all/themes/Porto/vendor/prettyPhoto/images/prettyPhoto/default/sprite.png]
[sites/all/themes/Porto/vendor/prettyPhoto/images/prettyPhoto/default/sprite_x.png]
[sites/all/themes/Porto/vendor/prettyPhoto/images/prettyPhoto/default/sprite_y.png]
[sites/all/themes/Porto/vendor/prettyPhoto/images/prettyPhoto/default/sprite_next.png]
[sites/all/themes/Porto/vendor/prettyPhoto/images/prettyPhoto/default/sprite_prev.png]
[sites/all/themes/Porto/vendor/prettyPhoto/images/prettyPhoto/default/default_thumb.png]
[sites/all/themes/Porto/vendor/prettyPhoto/images/prettyPhoto/default/loader.gif]
[sites/all/themes/Porto/vendor/prettyPhoto/images/prettyPhoto/light_rounded/sprite.png]
[sites/all/themes/Porto/vendor/prettyPhoto/images/prettyPhoto/light_rounded/btnNext.png]
[sites/all/themes/Porto/vendor/prettyPhoto/images/prettyPhoto/light_rounded/btnPrevious.png]
[sites/all/themes/Porto/vendor/prettyPhoto/images/prettyPhoto/dark_rounded/sprite.png]
[sites/all/themes/Porto/vendor/prettyPhoto/images/prettyPhoto/dark_rounded/contentPattern.png]
[sites/all/themes/Porto/vendor/prettyPhoto/images/prettyPhoto/dark_rounded/btnNext.png]
[sites/all/themes/Porto/vendor/prettyPhoto/images/prettyPhoto/dark_rounded/btnPrevious.png]
[sites/all/themes/Porto/vendor/prettyPhoto/images/prettyPhoto/dark_rounded/loader.gif]
[sites/all/themes/Porto/vendor/prettyPhoto/images/prettyPhoto/dark_square/loader.gif]
[sites/all/themes/Porto/vendor/prettyPhoto/images/prettyPhoto/dark_square/sprite.png]
[sites/all/themes/Porto/vendor/prettyPhoto/images/prettyPhoto/dark_square/btnNext.png]
[sites/all/themes/Porto/vendor/prettyPhoto/images/prettyPhoto/dark_square/btnPrevious.png]
[sites/all/themes/Porto/vendor/prettyPhoto/images/prettyPhoto/light_square/sprite.png]
[sites/all/themes/Porto/vendor/prettyPhoto/images/prettyPhoto/light_square/btnNext.png]
[sites/all/themes/Porto/vendor/prettyPhoto/images/prettyPhoto/light_square/btnPrevious.png]
[sites/all/themes/Porto/vendor/prettyPhoto/images/prettyPhoto/facebook/sprite.png]
[sites/all/themes/Porto/vendor/prettyPhoto/images/prettyPhoto/facebook/contentPatternTop.png]
[sites/all/themes/Porto/vendor/prettyPhoto/images/prettyPhoto/facebook/contentPatternLeft.png]
[sites/all/themes/Porto/vendor/prettyPhoto/images/prettyPhoto/facebook/contentPatternRight.png]
[sites/all/themes/Porto/vendor/prettyPhoto/images/prettyPhoto/facebook/loader.gif]
[sites/all/themes/Porto/vendor/prettyPhoto/images/prettyPhoto/facebook/btnNext.png]
[sites/all/themes/Porto/vendor/prettyPhoto/images/prettyPhoto/facebook/btnPrevious.png]
[sites/all/themes/Porto/vendor/prettyPhoto/images/prettyPhoto/facebook/contentPatternBottom.png]
[sites/all/themes/Porto/vendor/prettyPhoto/images/prettyPhoto/facebook/default_thumbnail.gif]
[sites/all/themes/Porto/vendor/prettyPhoto/images/prettyPhoto/light_rounded/loader.gif]
[sites/all/themes/Porto/vendor/prettyPhoto/css/prettyPhoto.css]
[sites/all/themes/Porto/vendor/circle-flip-slideshow/css/component.css]
[sites/all/themes/Porto/vendor/isotope/jquery.isotope.css]
[sites/all/themes/Porto/img/map-top.png]
[sites/all/themes/Porto/img/map-bottom.png]
[sites/all/themes/Porto/img/home-concept.png]
[sites/all/themes/Porto/img/home-concept-item.png]
[sites/all/themes/Porto/img/home-concept-icons.png]
[sites/all/themes/Porto/css/theme.css]
[sites/all/themes/Porto/css/drupal-styles.css]
[sites/all/themes/Porto/img/divider.png]
[sites/all/themes/Porto/img/list-primary.png]
[sites/all/themes/Porto/img/history-thumb.png]
[sites/all/themes/Porto/img/arrows.png]
[sites/all/themes/Porto/img/icons/icon-user-24.png]
[sites/all/themes/Porto/img/icons/icon-user-16.png]
[sites/all/themes/Porto/img/icons/icon-user-48.png]
[sites/all/themes/Porto/img/social-sprites.png]
[sites/all/themes/Porto/css/theme-elements.css]
[sites/all/themes/Porto/css/theme-blog.css]
[sites/all/themes/Porto/css/bootstrap-responsive.css]
[sites/all/themes/Porto/css/theme-responsive.css]
[sites/default/files/css/css_xE-rWrJf-fncB6ztZfd2huxqgxu4WO-qwma6Xer30m4.css]
[sites/default/files/css/css_hYCLW089C9S9sP3ZYkuG6R-Q5ZHbEhblZBFjwZ_bE_I.css]
[sites/all/modules/ctools/images/status-active.gif]
[sites/all/modules/md_slider/images/closelabel.gif]
[sites/all/modules/md_slider/images/light-timer-glow.png]
[sites/all/modules/md_slider/images/md-arrow.png]
[sites/all/modules/md_slider/images/thumb-arrow.png]
[sites/all/modules/md_slider/images/md-close-video.png]
[sites/all/modules/md_slider/images/play.png]
[sites/all/modules/md_slider/images/border/border-top-2.png]
[sites/all/modules/md_slider/images/border/border-bottom-2.png]
[sites/all/modules/md_slider/images/border/border-right-2.png]
[sites/all/modules/md_slider/images/border/border-left-2.png]
[sites/all/modules/md_slider/images/border/border-top-3.png]
[sites/all/modules/md_slider/images/border/border-bottom-3.png]
[sites/all/modules/md_slider/images/border/border-right-3.png]
[sites/all/modules/md_slider/images/border/border-left-3.png]
[sites/all/modules/md_slider/images/border/border-top-4.png]
[sites/all/modules/md_slider/images/border/border-bottom-4.png]
[sites/all/modules/md_slider/images/border/border-right-4.png]
[sites/all/modules/md_slider/images/border/border-left-4.png]
[sites/all/modules/md_slider/images/border/border-8.png]
[sites/all/modules/md_slider/images/border/border-top-9.png]
[sites/all/modules/md_slider/images/border/border-bottom-9.png]
[sites/all/modules/md_slider/images/border/border-right-9.png]
[sites/all/modules/md_slider/images/border/border-left-9.png]
[sites/all/modules/md_slider/images/border/border-9.png]
[sites/default/files/css/css_R3XWLP8avUZZcDs63ly0FS22MThF-pEysnR3VT9i10c.css]
[css4c5c.css]
[sites/default/files/less/lal74OsbMNgYV0rlLaFiIRjmTIZoKG0a2oMbdgkFtj4/sites/all/themes/Porto/css/less/skin.qyWNNuBrtWdWZ7-An6YkCRHagO8f8hNWUUsup7dUdE8801e.css]
[cssf1e9.css]
[sites/default/files/css/css_sc_UF0vExRnapR7iNAL0SL7HEEy7M11PZZfxn1evV4Y.css]
[sites/default/files/Logo Romina Tumini GR1 340.png]
[el/ψυχολόγος-ψυχοθεραπεύτρια-romina-tumini.html]
[el/προσέγγιση.html]
[el/ψυχοθεραπευτικές-προσεγγίσεις.html]
[el/focusing-βιωματική-ψυχοθεραπεία.html]
[el/focusing-βιωματική-τραυματοθεραπεία.html]
[el/για-την-προσωποκεντρική-προσέγγιση.html]
[el/τανγκοθεραπεία-και-innertango.html]
[el/blog.html]
[sites/default/files/styles/md_slider_6_thumb/public/DSC00059(1)a658.png]
[sites/default/files/styles/md_slider_6_thumb/public/r8pen77qf9f3.png]
[el/μπορει-να-με-βοηθησει-η-line-ψυχοθεραπεια.html]
[el/psychotherapy-blog/tango-therapy-seminar.html]
[el/psychotherapy-blog/what-happy-people-do-differently.html]
[el/psychotherapy-blog/sleep-quality-tied-skin-aging.html]
[el/tags/articles.html]
[el/tags/events.html]
[el/tags/news.html]
[el.html]
[sites/default/files/css/css_qKXaTj_gnUsJ1LqpZOs2fN1aEe2oRrfICs16dELZFcA.css]
[sites/default/files/Logo Romina Tumini S1 340.png]
[es/romina-tumini-psicóloga-psicoterapeuta.html]
[es/cómo-trabajo.html]
[es/enfoque-psicoterapéutico.html]
[es/focusing-terapia-del-trauma.html]
[es/sobre-la-perspectiva-centrada-en-la-persona.html]
[es/psicoterapia-experiencial-focusing.html]
[es/sobre-el-tango-terapia-innertango.html]
[es/blog.html]
[sites/default/files/styles/md_slider_5_thumb/public/DSC00059(1)7653.png]
[sites/default/files/styles/md_slider_5_thumb/public/r8pen77q1b92.png]
[es/puede-la-asesoría-psicológica-o-la-psicoterapia-line-ser-de-ayuda-para-mí.html]
[es/psychotherapy-blog/tango-therapy-seminar.html]
[es/psychotherapy-blog/what-happy-people-do-differently.html]
[es/psychotherapy-blog/sleep-quality-tied-skin-aging.html]
[es/tags/articles.html]
[es/tags/events.html]
[es/tags/news.html]
[es.html]
[sites/default/files/css/css_Kwa0UDz4gWMoLxZZ6_LyNA2SBh8u5CnKedaVrxsr7mM.css]
[romina/sites/default/files/curriculum_vitae.pdf]
[sites/default/files/KOS_0220_0.jpg]
[sites/all/themes/Porto/img/office-1.jpg]
[sites/all/themes/Porto/img/office-3.jpg]
[sites/all/themes/Porto/img/office-5.jpg]
[sites/all/themes/Porto/img/office-2.jpg]
[sites/all/themes/Porto/img/office-4.jpg]
[romina-tumini-psychologist-psychotherapist.html]
[how-do-i-work.html]
[psychotherapy-approaches.html]
[focusing-oriented-psychotherapy.html]
[about-person-centred.html]
[about-tango-therapy-innertango.html]
[sites/default/files/innertango-photo_0.png]
[focusing-oriented-trauma-therapy.html]
[blog/index.html]
[recaptcha/apifef7.js]
[sites/default/files/css/css_PfNSaHR21puHQOURbMyOqplD_RNQEhkzFYKCqZfCg2k.css]
[sites/default/files/js/js_H7q2xORKmR9AN8Qx5spKEIBp7R_wG2apAswJoCUZY7I.js]
[contact-us.html]
[sites/default/files/js/js_XkUrtFQHvL33wQxPR5kvLcGDYGa3UIQwqDrfwsM_Njw.js]
[sites/default/files/man-pc.jpg]
[would-line-counselling-psychotherapy-help-me.html]
[sites/default/files/field/image/l93w15ny.jpg]
[psychotherapy-blog/tango-therapy-seminar.html]
[psychotherapy-blog/what-happy-people-do-differently.html]
[sites/default/files/field/image/k2a1dgo5.jpg]
[sites/default/files/field/image/8h3b2isr_0.jpg]
[psychotherapy-blog/sleep-quality-tied-skin-aging.html]
[taxonomy/term/15/feed]
[sites/default/files/css/css_I-GIwqDtRXpxDflNX90cgCOSONTbqJP9QcKio1uvJ0I.css]
[tags/articles.html]
[taxonomy/term/16/feed]
[tags/events.html]
[taxonomy/term/4/feed]
[js/300/addthis_widget.js]
[tags/news.html]
[sites/all/themes/Porto/css/fonts/font-awesome/font/fontawesome-webfont.svg]
[sites/default/files/css/css_sc_UF0vExRnapR7iNAL0SL7HEEy7M11PZZfxn1evV4Y.css]
[el/ψυχολόγος-ψυχοθεραπεύτρια-romina-tumini.html]
[el/ψυχολόγος-ψυχοθεραπεύτρια-romina-tumini-2.html]
[el/προσέγγιση.html]
[el/προσέγγιση-2.html]
[el/ψυχοθεραπευτικές-προσεγγίσεις-2.html]
[el/ψυχοθεραπευτικές-προσεγγίσεις.html]
[el/focusing-βιωματική-ψυχοθεραπεία-2.html]
[el/focusing-βιωματική-ψυχοθεραπεία.html]
[el/focusing-βιωματική-τραυματοθεραπεία-2.html]
[el/focusing-βιωματική-τραυματοθεραπεία.html]
[el/για-την-προσωποκεντρική-προσέγγιση-2.html]
[el/για-την-προσωποκεντρική-προσέγγιση.html]
[el/τανγκοθεραπεία-και-innertango.html]
[el/blog.html]
[el/τανγκοθεραπεία-και-innertango-2.html]
[recaptcha/apiaaeb.js]
[el/επικοινωνίστε-μαζί-μου.html]
[el/μπορει-να-με-βοηθησει-η-line-ψυχοθεραπεια-2.html]
[el/μπορει-να-με-βοηθησει-η-line-ψυχοθεραπεια.html]
[el/psychotherapy-blog/tango-therapy-seminar.html]
[el/psychotherapy-blog/what-happy-people-do-differently.html]
[el/psychotherapy-blog/sleep-quality-tied-skin-aging.html]
[el/taxonomy/term/15/feed]
[el/tags/articles.html]
[el/taxonomy/term/16/feed]
[el/tags/events.html]
[el/taxonomy/term/4/feed]
[el/tags/news.html]
[sites/default/files/css/css_qKXaTj_gnUsJ1LqpZOs2fN1aEe2oRrfICs16dELZFcA.css]
[es/romina-tumini-psicóloga-psicoterapeuta-2.html]
[es/romina-tumini-psicóloga-psicoterapeuta.html]
[es/cómo-trabajo-2.html]
[es/cómo-trabajo.html]
[es/enfoque-psicoterapéutico-2.html]
[es/enfoque-psicoterapéutico.html]
[es/focusing-terapia-del-trauma.html]
[es/sobre-la-perspectiva-centrada-en-la-persona.html]
[es/psicoterapia-experiencial-focusing.html]
[es/sobre-el-tango-terapia-innertango.html]
[es/blog.html]
[recaptcha/apide3a.js]
[es/contacto.html]
[es/puede-la-asesoría-psicológica-o-la-psicoterapia-line-ser-de-ayuda-para-mí-2.html]
[es/puede-la-asesoría-psicológica-o-la-psicoterapia-line-ser-de-ayuda-para-mí.html]
[es/psychotherapy-blog/tango-therapy-seminar.html]
[es/psychotherapy-blog/what-happy-people-do-differently.html]
[es/psychotherapy-blog/sleep-quality-tied-skin-aging.html]
[es/taxonomy/term/15/feed]
[es/tags/articles.html]
[es/taxonomy/term/16/feed]
[es/tags/events.html]
[es/taxonomy/term/4/feed]
[es/tags/news.html]
[sites/default/files/css/css_Kwa0UDz4gWMoLxZZ6_LyNA2SBh8u5CnKedaVrxsr7mM.css]
[romina/sites/default/files/curriculum_vitae.html]
[sites/default/files/css/css_PfNSaHR21puHQOURbMyOqplD_RNQEhkzFYKCqZfCg2k.css]
[sites/default/files/css/css_I-GIwqDtRXpxDflNX90cgCOSONTbqJP9QcKio1uvJ0I.css]
[el/ψυχολόγος-ψυχοθεραπεύτρια-romina-tumini-2.html]
[el/προσέγγιση-2.html]
[el/ψυχοθεραπευτικές-προσεγγίσεις-2.html]
[el/focusing-βιωματική-ψυχοθεραπεία-2.html]
[el/focusing-βιωματική-τραυματοθεραπεία-2.html]
[el/για-την-προσωποκεντρική-προσέγγιση-2.html]
[el/τανγκοθεραπεία-και-innertango-2.html]
[el/επικοινωνίστε-μαζί-μου-2.html]
[el/μπορει-να-με-βοηθησει-η-line-ψυχοθεραπεια-2.html]
[es/romina-tumini-psicóloga-psicoterapeuta-2.html]
[es/cómo-trabajo-2.html]
[es/enfoque-psicoterapéutico-2.html]
[es/puede-la-asesoría-psicológica-o-la-psicoterapia-line-ser-de-ayuda-para-mí-2.html]
